---
source: integration-tests/tests/datatest/custom_target.rs
expression: output.stderr_as_str()
---
  [31;1merror:[0m error deserializing custom target JSON for `invalid-family`
    ╭─[33:27]
 [2m32[0m │     "target-endian": "big",
 [2m33[0m │     "target-family": "none",
    · [31m                          ▲[0m
    ·                           [31m╰── [31minvalid type: string "none", expected a sequence[0m[0m
 [2m34[0m │     "target-mcount": "_mcount",
    ╰────
