---
source: integration-tests/tests/integration/main.rs
expression: with_termination_tool_stdout
---
group: flaky (max threads = 4)
    (no matches)
group: serial (max threads = 1)
    (no matches)
group: unused (max threads = 20)
    (no matches)
group: @global
  * override for with-termination profile with filter 'test(=test_slow_timeout_2)' (from .config/nextest.toml):
      fixture-project::basic:
  * override for with-termination profile with filter 'test(=test_slow_timeout_subprocess)' (from <tool-config-path> provided by tool `my-tool`):
      fixture-project::basic:
