---
source: integration-tests/tests/integration/record_replay.rs
expression: "redact_dynamic_fields(&list_verbose_output.stdout_as_str(), temp_root)"
---
store: [TEMP_DIR]

1 recorded run:

  10000001  XXXX-XX-XX XX:XX:XX  <duration>     <size>  22 passed / 9 failed  *latest
                                             ─────────
                                                <size>
