---
source: integration-tests/tests/integration/record_replay.rs
expression: "redact_dynamic_fields(&output, temp_root)"
---
   Replaying recorded run 60000001-0000-0000-0000-000000000001
     Started XXXX-XX-XX XX:XX:XX  status: stress completed
────────────
 Nextest run ID 60000001-0000-0000-0000-000000000001 with nextest profile: default
    Starting 1 test across 7 binaries (30 tests skipped)
────────────
 Stress test iteration 1/5 (00:00:00 elapsed so far, 5 iterations remaining)
        SKIP [         ] [1/5] (─────) nextest-tests tests::call_dylib_add_two
        SKIP [         ] [1/5] (─────) nextest-tests tests::unit_test_success
        SKIP [         ] [1/5] (─────) nextest-tests::basic test_cargo_env_vars
        SKIP [         ] [1/5] (─────) nextest-tests::basic test_cwd
        SKIP [         ] [1/5] (─────) nextest-tests::basic test_execute_bin
        SKIP [         ] [1/5] (─────) nextest-tests::basic test_failure_assert
        SKIP [         ] [1/5] (─────) nextest-tests::basic test_failure_error
        SKIP [         ] [1/5] (─────) nextest-tests::basic test_failure_should_panic
        SKIP [         ] [1/5] (─────) nextest-tests::basic test_flaky_mod_4
        SKIP [         ] [1/5] (─────) nextest-tests::basic test_flaky_mod_6
        SKIP [         ] [1/5] (─────) nextest-tests::basic test_flaky_slow_timeout_mod_3
        SKIP [         ] [1/5] (─────) nextest-tests::basic test_ignored
        SKIP [         ] [1/5] (─────) nextest-tests::basic test_ignored_fail
        SKIP [         ] [1/5] (─────) nextest-tests::basic test_result_failure
        SKIP [         ] [1/5] (─────) nextest-tests::basic test_setup_script_env_vars
        SKIP [         ] [1/5] (─────) nextest-tests::basic test_slow_timeout
        SKIP [         ] [1/5] (─────) nextest-tests::basic test_slow_timeout_2
        SKIP [         ] [1/5] (─────) nextest-tests::basic test_slow_timeout_subprocess
        SKIP [         ] [1/5] (─────) nextest-tests::basic test_stdin_closed
        SKIP [         ] [1/5] (─────) nextest-tests::basic test_subprocess_doesnt_exit
        SKIP [         ] [1/5] (─────) nextest-tests::basic test_subprocess_doesnt_exit_fail
        SKIP [         ] [1/5] (─────) nextest-tests::basic test_subprocess_doesnt_exit_leak_fail
        SKIP [         ] [1/5] (─────) nextest-tests::basic test_success_should_panic
        SKIP [         ] [1/5] (─────) nextest-tests::other other_test_success
        SKIP [         ] [1/5] (─────) nextest-tests::segfault test_segfault
        SKIP [         ] [1/5] (─────) nextest-tests::bin/nextest-tests fake_test_name
        SKIP [         ] [1/5] (─────) nextest-tests::bin/nextest-tests tests::bin_success
        SKIP [         ] [1/5] (─────) nextest-tests::bin/other tests::other_bin_success
        SKIP [         ] [1/5] (─────) nextest-tests::example/nextest-tests fake_test_name
        SKIP [         ] [1/5] (─────) nextest-tests::example/nextest-tests tests::example_success
        PASS [ duration] [1/5] (1/1) nextest-tests::basic test_success
 Stress test [ duration] iteration 1/5: 1 test run: 1 passed, 30 skipped
────────────
 Stress test iteration 2/5 (00:00:00 elapsed so far, 4 iterations remaining)
        SKIP [         ] [2/5] (─────) nextest-tests tests::call_dylib_add_two
        SKIP [         ] [2/5] (─────) nextest-tests tests::unit_test_success
        SKIP [         ] [2/5] (─────) nextest-tests::basic test_cargo_env_vars
        SKIP [         ] [2/5] (─────) nextest-tests::basic test_cwd
        SKIP [         ] [2/5] (─────) nextest-tests::basic test_execute_bin
        SKIP [         ] [2/5] (─────) nextest-tests::basic test_failure_assert
        SKIP [         ] [2/5] (─────) nextest-tests::basic test_failure_error
        SKIP [         ] [2/5] (─────) nextest-tests::basic test_failure_should_panic
        SKIP [         ] [2/5] (─────) nextest-tests::basic test_flaky_mod_4
        SKIP [         ] [2/5] (─────) nextest-tests::basic test_flaky_mod_6
        SKIP [         ] [2/5] (─────) nextest-tests::basic test_flaky_slow_timeout_mod_3
        SKIP [         ] [2/5] (─────) nextest-tests::basic test_ignored
        SKIP [         ] [2/5] (─────) nextest-tests::basic test_ignored_fail
        SKIP [         ] [2/5] (─────) nextest-tests::basic test_result_failure
        SKIP [         ] [2/5] (─────) nextest-tests::basic test_setup_script_env_vars
        SKIP [         ] [2/5] (─────) nextest-tests::basic test_slow_timeout
        SKIP [         ] [2/5] (─────) nextest-tests::basic test_slow_timeout_2
        SKIP [         ] [2/5] (─────) nextest-tests::basic test_slow_timeout_subprocess
        SKIP [         ] [2/5] (─────) nextest-tests::basic test_stdin_closed
        SKIP [         ] [2/5] (─────) nextest-tests::basic test_subprocess_doesnt_exit
        SKIP [         ] [2/5] (─────) nextest-tests::basic test_subprocess_doesnt_exit_fail
        SKIP [         ] [2/5] (─────) nextest-tests::basic test_subprocess_doesnt_exit_leak_fail
        SKIP [         ] [2/5] (─────) nextest-tests::basic test_success_should_panic
        SKIP [         ] [2/5] (─────) nextest-tests::other other_test_success
        SKIP [         ] [2/5] (─────) nextest-tests::segfault test_segfault
        SKIP [         ] [2/5] (─────) nextest-tests::bin/nextest-tests fake_test_name
        SKIP [         ] [2/5] (─────) nextest-tests::bin/nextest-tests tests::bin_success
        SKIP [         ] [2/5] (─────) nextest-tests::bin/other tests::other_bin_success
        SKIP [         ] [2/5] (─────) nextest-tests::example/nextest-tests fake_test_name
        SKIP [         ] [2/5] (─────) nextest-tests::example/nextest-tests tests::example_success
        PASS [ duration] [2/5] (1/1) nextest-tests::basic test_success
 Stress test [ duration] iteration 2/5: 1 test run: 1 passed, 30 skipped
────────────
 Stress test iteration 3/5 (00:00:00 elapsed so far, 3 iterations remaining)
        SKIP [         ] [3/5] (─────) nextest-tests tests::call_dylib_add_two
        SKIP [         ] [3/5] (─────) nextest-tests tests::unit_test_success
        SKIP [         ] [3/5] (─────) nextest-tests::basic test_cargo_env_vars
        SKIP [         ] [3/5] (─────) nextest-tests::basic test_cwd
        SKIP [         ] [3/5] (─────) nextest-tests::basic test_execute_bin
        SKIP [         ] [3/5] (─────) nextest-tests::basic test_failure_assert
        SKIP [         ] [3/5] (─────) nextest-tests::basic test_failure_error
        SKIP [         ] [3/5] (─────) nextest-tests::basic test_failure_should_panic
        SKIP [         ] [3/5] (─────) nextest-tests::basic test_flaky_mod_4
        SKIP [         ] [3/5] (─────) nextest-tests::basic test_flaky_mod_6
        SKIP [         ] [3/5] (─────) nextest-tests::basic test_flaky_slow_timeout_mod_3
        SKIP [         ] [3/5] (─────) nextest-tests::basic test_ignored
        SKIP [         ] [3/5] (─────) nextest-tests::basic test_ignored_fail
        SKIP [         ] [3/5] (─────) nextest-tests::basic test_result_failure
        SKIP [         ] [3/5] (─────) nextest-tests::basic test_setup_script_env_vars
        SKIP [         ] [3/5] (─────) nextest-tests::basic test_slow_timeout
        SKIP [         ] [3/5] (─────) nextest-tests::basic test_slow_timeout_2
        SKIP [         ] [3/5] (─────) nextest-tests::basic test_slow_timeout_subprocess
        SKIP [         ] [3/5] (─────) nextest-tests::basic test_stdin_closed
        SKIP [         ] [3/5] (─────) nextest-tests::basic test_subprocess_doesnt_exit
        SKIP [         ] [3/5] (─────) nextest-tests::basic test_subprocess_doesnt_exit_fail
        SKIP [         ] [3/5] (─────) nextest-tests::basic test_subprocess_doesnt_exit_leak_fail
        SKIP [         ] [3/5] (─────) nextest-tests::basic test_success_should_panic
        SKIP [         ] [3/5] (─────) nextest-tests::other other_test_success
        SKIP [         ] [3/5] (─────) nextest-tests::segfault test_segfault
        SKIP [         ] [3/5] (─────) nextest-tests::bin/nextest-tests fake_test_name
        SKIP [         ] [3/5] (─────) nextest-tests::bin/nextest-tests tests::bin_success
        SKIP [         ] [3/5] (─────) nextest-tests::bin/other tests::other_bin_success
        SKIP [         ] [3/5] (─────) nextest-tests::example/nextest-tests fake_test_name
        SKIP [         ] [3/5] (─────) nextest-tests::example/nextest-tests tests::example_success
        PASS [ duration] [3/5] (1/1) nextest-tests::basic test_success
 Stress test [ duration] iteration 3/5: 1 test run: 1 passed, 30 skipped
────────────
 Stress test iteration 4/5 (00:00:00 elapsed so far, 2 iterations remaining)
        SKIP [         ] [4/5] (─────) nextest-tests tests::call_dylib_add_two
        SKIP [         ] [4/5] (─────) nextest-tests tests::unit_test_success
        SKIP [         ] [4/5] (─────) nextest-tests::basic test_cargo_env_vars
        SKIP [         ] [4/5] (─────) nextest-tests::basic test_cwd
        SKIP [         ] [4/5] (─────) nextest-tests::basic test_execute_bin
        SKIP [         ] [4/5] (─────) nextest-tests::basic test_failure_assert
        SKIP [         ] [4/5] (─────) nextest-tests::basic test_failure_error
        SKIP [         ] [4/5] (─────) nextest-tests::basic test_failure_should_panic
        SKIP [         ] [4/5] (─────) nextest-tests::basic test_flaky_mod_4
        SKIP [         ] [4/5] (─────) nextest-tests::basic test_flaky_mod_6
        SKIP [         ] [4/5] (─────) nextest-tests::basic test_flaky_slow_timeout_mod_3
        SKIP [         ] [4/5] (─────) nextest-tests::basic test_ignored
        SKIP [         ] [4/5] (─────) nextest-tests::basic test_ignored_fail
        SKIP [         ] [4/5] (─────) nextest-tests::basic test_result_failure
        SKIP [         ] [4/5] (─────) nextest-tests::basic test_setup_script_env_vars
        SKIP [         ] [4/5] (─────) nextest-tests::basic test_slow_timeout
        SKIP [         ] [4/5] (─────) nextest-tests::basic test_slow_timeout_2
        SKIP [         ] [4/5] (─────) nextest-tests::basic test_slow_timeout_subprocess
        SKIP [         ] [4/5] (─────) nextest-tests::basic test_stdin_closed
        SKIP [         ] [4/5] (─────) nextest-tests::basic test_subprocess_doesnt_exit
        SKIP [         ] [4/5] (─────) nextest-tests::basic test_subprocess_doesnt_exit_fail
        SKIP [         ] [4/5] (─────) nextest-tests::basic test_subprocess_doesnt_exit_leak_fail
        SKIP [         ] [4/5] (─────) nextest-tests::basic test_success_should_panic
        SKIP [         ] [4/5] (─────) nextest-tests::other other_test_success
        SKIP [         ] [4/5] (─────) nextest-tests::segfault test_segfault
        SKIP [         ] [4/5] (─────) nextest-tests::bin/nextest-tests fake_test_name
        SKIP [         ] [4/5] (─────) nextest-tests::bin/nextest-tests tests::bin_success
        SKIP [         ] [4/5] (─────) nextest-tests::bin/other tests::other_bin_success
        SKIP [         ] [4/5] (─────) nextest-tests::example/nextest-tests fake_test_name
        SKIP [         ] [4/5] (─────) nextest-tests::example/nextest-tests tests::example_success
        PASS [ duration] [4/5] (1/1) nextest-tests::basic test_success
 Stress test [ duration] iteration 4/5: 1 test run: 1 passed, 30 skipped
────────────
 Stress test iteration 5/5 (00:00:00 elapsed so far, 1 iteration remaining)
        SKIP [         ] [5/5] (─────) nextest-tests tests::call_dylib_add_two
        SKIP [         ] [5/5] (─────) nextest-tests tests::unit_test_success
        SKIP [         ] [5/5] (─────) nextest-tests::basic test_cargo_env_vars
        SKIP [         ] [5/5] (─────) nextest-tests::basic test_cwd
        SKIP [         ] [5/5] (─────) nextest-tests::basic test_execute_bin
        SKIP [         ] [5/5] (─────) nextest-tests::basic test_failure_assert
        SKIP [         ] [5/5] (─────) nextest-tests::basic test_failure_error
        SKIP [         ] [5/5] (─────) nextest-tests::basic test_failure_should_panic
        SKIP [         ] [5/5] (─────) nextest-tests::basic test_flaky_mod_4
        SKIP [         ] [5/5] (─────) nextest-tests::basic test_flaky_mod_6
        SKIP [         ] [5/5] (─────) nextest-tests::basic test_flaky_slow_timeout_mod_3
        SKIP [         ] [5/5] (─────) nextest-tests::basic test_ignored
        SKIP [         ] [5/5] (─────) nextest-tests::basic test_ignored_fail
        SKIP [         ] [5/5] (─────) nextest-tests::basic test_result_failure
        SKIP [         ] [5/5] (─────) nextest-tests::basic test_setup_script_env_vars
        SKIP [         ] [5/5] (─────) nextest-tests::basic test_slow_timeout
        SKIP [         ] [5/5] (─────) nextest-tests::basic test_slow_timeout_2
        SKIP [         ] [5/5] (─────) nextest-tests::basic test_slow_timeout_subprocess
        SKIP [         ] [5/5] (─────) nextest-tests::basic test_stdin_closed
        SKIP [         ] [5/5] (─────) nextest-tests::basic test_subprocess_doesnt_exit
        SKIP [         ] [5/5] (─────) nextest-tests::basic test_subprocess_doesnt_exit_fail
        SKIP [         ] [5/5] (─────) nextest-tests::basic test_subprocess_doesnt_exit_leak_fail
        SKIP [         ] [5/5] (─────) nextest-tests::basic test_success_should_panic
        SKIP [         ] [5/5] (─────) nextest-tests::other other_test_success
        SKIP [         ] [5/5] (─────) nextest-tests::segfault test_segfault
        SKIP [         ] [5/5] (─────) nextest-tests::bin/nextest-tests fake_test_name
        SKIP [         ] [5/5] (─────) nextest-tests::bin/nextest-tests tests::bin_success
        SKIP [         ] [5/5] (─────) nextest-tests::bin/other tests::other_bin_success
        SKIP [         ] [5/5] (─────) nextest-tests::example/nextest-tests fake_test_name
        SKIP [         ] [5/5] (─────) nextest-tests::example/nextest-tests tests::example_success
        PASS [ duration] [5/5] (1/1) nextest-tests::basic test_success
 Stress test [ duration] iteration 5/5: 1 test run: 1 passed, 30 skipped
────────────
     Summary [ duration] 5/5 stress run iterations: 5 passed
